[     210ms] [INFO] %cDownload the React DevTools for a better development experience: https://react.dev/link/react-devtools font-weight:bold @ http://localhost:3000/_next/static/chunks/1m87_next_dist_0znz-qg._.js:776
[     333ms] [LOG] [HMR] connected @ http://localhost:3000/_next/static/chunks/1m87_next_dist_0znz-qg._.js:776
[     377ms] [ERROR] %c%s%c getFromImportMap: PayloadComponent not found in importMap background: #e6e6e6;background: light-dark(rgba(0,0,0,0.1), rgba(255,255,255,0.25));color: #000000;color: light-dark(#000000, #ffffff);border-radius: 2px  Server   {key: @payloadcms/storage-r2/client#R2ClientUploadHandler, PayloadComponent: Object, schemaPath: } You may need to run the `payload generate:importmap` command to generate the importMap ahead of runtime. @ http://localhost:3000/_next/static/chunks/1m87_next_dist_0znz-qg._.js:1052
[     557ms] [LOG] [Fast Refresh] rebuilding @ http://localhost:3000/_next/static/chunks/1m87_next_dist_0znz-qg._.js:776
[    1918ms] [LOG] [Fast Refresh] done in 1460ms @ http://localhost:3000/_next/static/chunks/1m87_next_dist_0znz-qg._.js:776
[   48279ms] [LOG] [HMR] connected @ http://localhost:3000/_next/static/chunks/1m87_next_dist_0znz-qg._.js:776
[   52757ms] [INFO] %cDownload the React DevTools for a better development experience: https://react.dev/link/react-devtools font-weight:bold @ http://localhost:3000/_next/static/chunks/1m87_next_dist_0znz-qg._.js:776
[   52791ms] [LOG] [HMR] connected @ http://localhost:3000/_next/static/chunks/1m87_next_dist_0znz-qg._.js:776
[   52843ms] [ERROR] %c%s%c getFromImportMap: PayloadComponent not found in importMap background: #e6e6e6;background: light-dark(rgba(0,0,0,0.1), rgba(255,255,255,0.25));color: #000000;color: light-dark(#000000, #ffffff);border-radius: 2px  Server   {key: @payloadcms/storage-r2/client#R2ClientUploadHandler, PayloadComponent: Object, schemaPath: } You may need to run the `payload generate:importmap` command to generate the importMap ahead of runtime. @ http://localhost:3000/_next/static/chunks/1m87_next_dist_0znz-qg._.js:1052
[   53016ms] [LOG] [Fast Refresh] rebuilding @ http://localhost:3000/_next/static/chunks/1m87_next_dist_0znz-qg._.js:776
[   53522ms] [LOG] [Fast Refresh] done in 606ms @ http://localhost:3000/_next/static/chunks/1m87_next_dist_0znz-qg._.js:776
[   63518ms] [LOG] [Fast Refresh] done in 10597ms @ http://localhost:3000/_next/static/chunks/1m87_next_dist_0znz-qg._.js:776
[   63623ms] [LOG] [Fast Refresh] done in 10597ms @ http://localhost:3000/_next/static/chunks/1m87_next_dist_0znz-qg._.js:776
[   63938ms] [LOG] %c%s%c Generating import map background: #e6e6e6;background: light-dark(rgba(0,0,0,0.1), rgba(255,255,255,0.25));color: #000000;color: light-dark(#000000, #ffffff);border-radius: 2px  Server   @ http://localhost:3000/_next/static/chunks/1m87_next_dist_0znz-qg._.js:776
[   64026ms] [LOG] %c%s%c Writing import map to background: #e6e6e6;background: light-dark(rgba(0,0,0,0.1), rgba(255,255,255,0.25));color: #000000;color: light-dark(#000000, #ffffff);border-radius: 2px  Server   /home/necrowolf/Documentos/Jeelidev/cafe-caracas/src/app/(payload)/admin/importMap.js @ http://localhost:3000/_next/static/chunks/1m87_next_dist_0znz-qg._.js:776
[   64043ms] [ERROR] %c%s%c getFromImportMap: PayloadComponent not found in importMap background: #e6e6e6;background: light-dark(rgba(0,0,0,0.1), rgba(255,255,255,0.25));color: #000000;color: light-dark(#000000, #ffffff);border-radius: 2px  Server   {key: @payloadcms/storage-r2/client#R2ClientUploadHandler, PayloadComponent: Object, schemaPath: } You may need to run the `payload generate:importmap` command to generate the importMap ahead of runtime. @ http://localhost:3000/_next/static/chunks/1m87_next_dist_0znz-qg._.js:1052
[   64211ms] [LOG] [Fast Refresh] rebuilding @ http://localhost:3000/_next/static/chunks/1m87_next_dist_0znz-qg._.js:776
[   64296ms] [LOG] [Fast Refresh] done in 184ms @ http://localhost:3000/_next/static/chunks/1m87_next_dist_0znz-qg._.js:776
[   64400ms] [LOG] [Fast Refresh] done in 184ms @ http://localhost:3000/_next/static/chunks/1m87_next_dist_0znz-qg._.js:776
[   73871ms] [ERROR] WebSocket connection to 'ws://localhost:3000/_next/hmr?id=A-ymlO5Z29HC5jSjr39Ou' failed: Error in connection establishment: net::ERR_CONNECTION_REFUSED @ http://localhost:3000/_next/static/chunks/1m87_next_dist_client_19ivbm_._.js:16348
[   74873ms] [ERROR] WebSocket connection to 'ws://localhost:3000/_next/hmr?id=A-ymlO5Z29HC5jSjr39Ou' failed: Error in connection establishment: net::ERR_CONNECTION_REFUSED @ http://localhost:3000/_next/static/chunks/1m87_next_dist_client_19ivbm_._.js:16348
[   75874ms] [ERROR] WebSocket connection to 'ws://localhost:3000/_next/hmr?id=A-ymlO5Z29HC5jSjr39Ou' failed: Error in connection establishment: net::ERR_CONNECTION_REFUSED @ http://localhost:3000/_next/static/chunks/1m87_next_dist_client_19ivbm_._.js:16348
[   76876ms] [ERROR] WebSocket connection to 'ws://localhost:3000/_next/hmr?id=A-ymlO5Z29HC5jSjr39Ou' failed: Error in connection establishment: net::ERR_CONNECTION_REFUSED @ http://localhost:3000/_next/static/chunks/1m87_next_dist_client_19ivbm_._.js:16348
[   77877ms] [ERROR] WebSocket connection to 'ws://localhost:3000/_next/hmr?id=A-ymlO5Z29HC5jSjr39Ou' failed: Error in connection establishment: net::ERR_CONNECTION_REFUSED @ http://localhost:3000/_next/static/chunks/1m87_next_dist_client_19ivbm_._.js:16348
[   82879ms] [ERROR] WebSocket connection to 'ws://localhost:3000/_next/hmr?id=A-ymlO5Z29HC5jSjr39Ou' failed: Error in connection establishment: net::ERR_CONNECTION_REFUSED @ http://localhost:3000/_next/static/chunks/1m87_next_dist_client_19ivbm_._.js:16348
[   87882ms] [ERROR] WebSocket connection to 'ws://localhost:3000/_next/hmr?id=A-ymlO5Z29HC5jSjr39Ou' failed: Error in connection establishment: net::ERR_CONNECTION_REFUSED @ http://localhost:3000/_next/static/chunks/1m87_next_dist_client_19ivbm_._.js:16348
[   92885ms] [ERROR] WebSocket connection to 'ws://localhost:3000/_next/hmr?id=A-ymlO5Z29HC5jSjr39Ou' failed: Error in connection establishment: net::ERR_CONNECTION_REFUSED @ http://localhost:3000/_next/static/chunks/1m87_next_dist_client_19ivbm_._.js:16348
[   97888ms] [ERROR] WebSocket connection to 'ws://localhost:3000/_next/hmr?id=A-ymlO5Z29HC5jSjr39Ou' failed: Error in connection establishment: net::ERR_CONNECTION_REFUSED @ http://localhost:3000/_next/static/chunks/1m87_next_dist_client_19ivbm_._.js:16348
[  102890ms] [ERROR] WebSocket connection to 'ws://localhost:3000/_next/hmr?id=A-ymlO5Z29HC5jSjr39Ou' failed: Error in connection establishment: net::ERR_CONNECTION_REFUSED @ http://localhost:3000/_next/static/chunks/1m87_next_dist_client_19ivbm_._.js:16348
[  107901ms] [LOG] [HMR] connected @ http://localhost:3000/_next/static/chunks/1m87_next_dist_0znz-qg._.js:776
[  112420ms] [INFO] %cDownload the React DevTools for a better development experience: https://react.dev/link/react-devtools font-weight:bold @ http://localhost:3000/_next/static/chunks/1m87_next_dist_0znz-qg._.js:776
[  112435ms] [LOG] [HMR] connected @ http://localhost:3000/_next/static/chunks/1m87_next_dist_0znz-qg._.js:776
[  112752ms] [LOG] [Fast Refresh] rebuilding @ http://localhost:3000/_next/static/chunks/1m87_next_dist_0znz-qg._.js:776
[  113052ms] [LOG] [Fast Refresh] done in 399ms @ http://localhost:3000/_next/static/chunks/1m87_next_dist_0znz-qg._.js:776
